Rec {
$fEqHsExpr_$c/=
$fEqHsExpr_$c/=
$fEqHsExpr
$fEqHsExpr
$fEqHsExpr_$c==
$fEqHsExpr_$c==
end Rec }
