
==================== Parser ====================
<document comment>
main :: IO ()
main = pure ()
