
==================== Pre unarise: ====================
Noinline01.f [InlPrag=INLINE (sat-args=1)]
  :: forall p. p -> GHC.Types.Bool
[GblId, Arity=1, Str=<L,A>, Unf=OtherCon []] =
    \r [eta] GHC.Types.True [];

Noinline01.g :: GHC.Types.Bool
[GblId] =
    \u [] Noinline01.f GHC.Types.False;

Noinline01.$trModule4 :: GHC.Prim.Addr#
[GblId, Unf=OtherCon []] =
    "main"#;

Noinline01.$trModule3 :: GHC.Types.TrName
[GblId, Str=m1, Unf=OtherCon []] =
    CCS_DONT_CARE GHC.Types.TrNameS! [Noinline01.$trModule4];

Noinline01.$trModule2 :: GHC.Prim.Addr#
[GblId, Unf=OtherCon []] =
    "Noinline01"#;

Noinline01.$trModule1 :: GHC.Types.TrName
[GblId, Str=m1, Unf=OtherCon []] =
    CCS_DONT_CARE GHC.Types.TrNameS! [Noinline01.$trModule2];

Noinline01.$trModule :: GHC.Types.Module
[GblId, Str=m, Unf=OtherCon []] =
    CCS_DONT_CARE GHC.Types.Module! [Noinline01.$trModule3
                                     Noinline01.$trModule1];



==================== STG syntax: ====================
Noinline01.f [InlPrag=INLINE (sat-args=1)]
  :: forall p. p -> GHC.Types.Bool
[GblId, Arity=1, Str=<L,A>, Unf=OtherCon []] =
    \r [eta] GHC.Types.True [];

Noinline01.g :: GHC.Types.Bool
[GblId] =
    \u [] Noinline01.f GHC.Types.False;

Noinline01.$trModule4 :: GHC.Prim.Addr#
[GblId, Unf=OtherCon []] =
    "main"#;

Noinline01.$trModule3 :: GHC.Types.TrName
[GblId, Str=m1, Unf=OtherCon []] =
    CCS_DONT_CARE GHC.Types.TrNameS! [Noinline01.$trModule4];

Noinline01.$trModule2 :: GHC.Prim.Addr#
[GblId, Unf=OtherCon []] =
    "Noinline01"#;

Noinline01.$trModule1 :: GHC.Types.TrName
[GblId, Str=m1, Unf=OtherCon []] =
    CCS_DONT_CARE GHC.Types.TrNameS! [Noinline01.$trModule2];

Noinline01.$trModule :: GHC.Types.Module
[GblId, Str=m, Unf=OtherCon []] =
    CCS_DONT_CARE GHC.Types.Module! [Noinline01.$trModule3
                                     Noinline01.$trModule1];



==================== CAF analysis: ====================
[(Noinline01.f, NoCafRefs), (Noinline01.g, MayHaveCafRefs),
 (Noinline01.$trModule, NoCafRefs),
 (Noinline01.$trModule1, NoCafRefs),
 (Noinline01.$trModule2, NoCafRefs),
 (Noinline01.$trModule3, NoCafRefs),
 (Noinline01.$trModule4, NoCafRefs)]


