  {- Strictness: m, Unfolding: (GHC.Types.C# 'p'#) -}
  {- Strictness: m, Unfolding: (GHC.Types.C# 'q'#) -}
